// Jest Snapshot v1, https://goo.gl/fbAQLP

exports[`AppComponent should create the app 1`] = `
AppComponent {
  "title": "ngrx-store-example-v5",
}
`;

exports[`AppComponent should have as title 'ngrx-store-example-v5' 1`] = `
<div
  id="root1"
  ng-version="7.0.2"
>
  <div
    style="text-align:center"
  >
    <h1>
       Welcome to 
    </h1>
  </div>
  <app-user>
    <p>
       user works!

    </p>
  </app-user>
  <router-outlet />
</div>
`;
